// Jest Snapshot v1, https://goo.gl/fbAQLP

exports[`CheckBoxMenuItem tests should render correctly 1`] = `
"<Fragment>
  <div className=\\"checkbox\\">
     
    <WithStyles(ForwardRef(FormControl))>
      <WithStyles(ForwardRef(FormControlLabel)) value=\\"start\\" onChange={[Function: onChange]} control={{...}} label=\\"test\\" labelPlacement=\\"start\\" />
    </WithStyles(ForwardRef(FormControl))>
     
  </div>
</Fragment>"
`;
