// Jest Snapshot v1, https://goo.gl/fbAQLP

exports[`NumberMenuItem tests should render correctly 1`] = `
"<div data-tip={true} data-for=\\"IRIS_COLOR\\">
  <WithStyles(ForwardRef(Button)) style={{...}} value=\\"#cbcbcb\\" variant=\\"contained\\" onClick={[Function: onChange]} className=\\"launchColorPicker\\">
    Pick 
    test
  </WithStyles(ForwardRef(Button))>
</div>"
`;
