// Jest Snapshot v1, https://goo.gl/fbAQLP

exports[`DropDownMenuItem should render correctly 1`] = `
"<div data-tip={true} data-for=\\"OUTPUT_STRIDE\\">
  <label>
    test
  </label>
  <WithStyles(ForwardRef(FormControl)) className=\\"selectForm\\">
    <WithStyles(ForwardRef(Select)) value=\\"a\\" onChange={[Function: handleChange]} name=\\"test\\">
      <WithStyles(ForwardRef(MenuItem)) value=\\"a\\">
        a
      </WithStyles(ForwardRef(MenuItem))>
      <WithStyles(ForwardRef(MenuItem)) value=\\"b\\">
        b
      </WithStyles(ForwardRef(MenuItem))>
      <WithStyles(ForwardRef(MenuItem)) value=\\"c\\">
        c
      </WithStyles(ForwardRef(MenuItem))>
    </WithStyles(ForwardRef(Select))>
  </WithStyles(ForwardRef(FormControl))>
</div>"
`;
