// Jest Snapshot v1, https://goo.gl/fbAQLP

exports[`NumberMenuItem tests should render correctly 1`] = `
"<div data-tip={true} data-for=\\"APP_FPS\\">
  <label>
    test
  </label>
  <WithStyles(ForwardRef(TextField)) className=\\"textFieldInput\\" id=\\"standard-number\\" value={30} onChange={[Function: onChange]} onBlur={[Function: onBlur]} type=\\"number\\" error={false} margin=\\"normal\\" />
</div>"
`;
