// Jest Snapshot v1, https://goo.gl/fbAQLP

exports[`TextBoxMenuItem tests should render correctly 1`] = `
"<div data-tip={true} data-for=\\"FPS\\">
  <label>
    test
  </label>
  <input type=\\"number\\" value={30} style={{...}} onBlur={[Function: onBlur]} onChange={[Function: onChange]} step={1} />
</div>"
`;
