// Jest Snapshot v1, https://goo.gl/fbAQLP

exports[`ConfigMenuElement tests should render correctly 1`] = `
"<ConfigMenu width=\\"14em\\" timerLength={1000} window={{...}}>
  <Memo() name=\\"X Sensitivity\\" configName=\\"xSensitivity\\" validRegex={{...}} defaultValue=\\"1\\" onValidInput={[Function: mockConstructor]} configParse={[Function: parseFloat]} helpWith={1} />
  <Memo() name=\\"Y Sensitivity\\" configName=\\"ySensitivity\\" validRegex={{...}} defaultValue=\\"1\\" onValidInput={[Function: mockConstructor]} configParse={[Function: parseFloat]} helpWith={2} />
  <Memo() name=\\"FPS\\" configName=\\"fps\\" validRegex={{...}} defaultValue=\\"30\\" onValidInput={[Function: mockConstructor]} configParse={[Function: parseInt]} helpWith={0} />
  <Memo() name=\\"Swap Eyes\\" configName=\\"swapEyes\\" helpWith={6} checked={false} onInputChange={[Function: mockConstructor]} />
  <Memo() name=\\"Iris Colour\\" configName=\\"irisColor\\" color=\\"blue\\" onInputChange={[Function: mockConstructor]} helpWith={7} />
  <Memo() name=\\"Toggle Debug\\" configName=\\"toggleDebug\\" helpWith={9} checked={false} onInputChange={[Function: mockConstructor]} />
  <br />
  <p data-tip={true} data-for=\\"APP\\">
    Help
  </p>
  <Help problemWith={0} />
  <Help problemWith={1} />
  <Help problemWith={2} />
  <Help problemWith={6} />
  <Help problemWith={7} />
  <Help problemWith={8} />
  <Help problemWith={9} />
</ConfigMenu>"
`;
