// Jest Snapshot v1, https://goo.gl/fbAQLP

exports[`ConfigMenuElement tests should render correctly 1`] = `
"<ConfigMenu width=\\"14em\\" timerLength={1000} window={{...}} debugEnabled={false}>
  <h1>
    Config
  </h1>
  <span className=\\"icon\\" data-tip={true} data-for=\\"APP\\">
    ?
  </span>
  <Memo() name=\\"FPS\\" configName=\\"fps\\" step={1} defaultValue={30} onValidInput={[undefined]} helpWith=\\"FPS\\" min={1} />
  <br />
  <Memo() name=\\"X Sensitivity\\" configName=\\"xSensitivity\\" step={0.1} defaultValue={1} onValidInput={[undefined]} helpWith=\\"X_SENSITIVITY\\" min={0} />
  <Memo() name=\\"Y Sensitivity\\" configName=\\"ySensitivity\\" step={0.1} defaultValue={1} onValidInput={[undefined]} helpWith=\\"Y_SENSITIVITY\\" min={0} />
  <Memo() name=\\"Iris Colour\\" configName=\\"irisColor\\" color=\\"blue\\" onInputChange={[undefined]} helpWith=\\"IRIS_COLOUR\\" />
  <br />
  <Memo() name=\\"Iris Colour\\" configName=\\"irisColor\\" color=\\"blue\\" onInputChange={[Function: mockConstructor]} helpWith=\\"IRIS_COLOUR\\" />
  <Memo() name=\\"Show Reflect\\" configName=\\"toggleReflection\\" helpWith=\\"REFLECTION\\" checked={[undefined]} onInputChange={[Function: mockConstructor]} />
  <Memo() name=\\"Toggle Debug\\" configName=\\"toggleDebug\\" helpWith=\\"DEBUG\\" checked={false} onInputChange={[Function: mockConstructor]} />
  <Help problemWith=\\"FPS\\" />
  <Help problemWith=\\"X_SENSITIVITY\\" />
  <Help problemWith=\\"Y_SENSITIVITY\\" />
  <Help problemWith=\\"VIDEO_STREAM\\" />
  <Help problemWith=\\"IRIS_COLOUR\\" />
  <Help problemWith=\\"APP\\" />
  <Help problemWith=\\"DEBUG\\" />
  <Help problemWith=\\"REFLECTION\\" />
  <Help problemWith=\\"REFLECTION_OPACITY\\" />
  <Help problemWith=\\"ARCHITECTURE\\" />
  <Help problemWith=\\"OUTPUT_STRIDE\\" />
  <Help problemWith=\\"RESOLUTION\\" />
  <Help problemWith=\\"MULTIPLIER\\" />
  <Help problemWith=\\"DETECTIONS\\" />
  <Help problemWith=\\"FLIP\\" />
  <Help problemWith=\\"MIN_SCORE\\" />
  <Help problemWith=\\"NMS_RADIUS\\" />
</ConfigMenu>"
`;
