// Jest Snapshot v1, https://goo.gl/fbAQLP

exports[`ConfigMenu should render correctly 1`] = `
"<div style={{...}} className=\\"ConfigMenu\\" onMouseMove={[Function: bound onMouseMove]} onMouseLeave={[Function: bound onMouseLeave]}>
  <h1>
    Config
  </h1>
  <Memo() name=\\"textBox\\" configName=\\"textBox\\" defaultValue=\\"test\\" onValidInput={[Function: mockConstructor]} validRegex={{...}} configParse={[Function: mockConstructor]} helpWith={0} />
</div>"
`;
