// Jest Snapshot v1, https://goo.gl/fbAQLP

exports[`ConfigMenu should render correctly 1`] = `
"<div style={{...}} className=\\"ConfigMenu\\" onMouseEnter={[Function: bound onMouseEnter]} onMouseLeave={[Function: bound onMouseLeave]}>
  <h1>
    Config
  </h1>
  <Memo() name=\\"textBox\\" configName=\\"textBox\\" defaultValue={20} onValidInput={[Function: mockConstructor]} helpWith=\\"FPS\\" min={1} step={1} />
</div>"
`;
