// Jest Snapshot v1, https://goo.gl/fbAQLP

exports[`ConfigMenuElement tests should render correctly 1`] = `
"<ConfigMenu width=\\"320px\\" timerLength={1000} window={{...}}>
  <Memo() name=\\"X Sensitivity\\" defaultValue=\\"1\\" isValidInput={[Function: isValidSensitivity]} onValidInput={[Function: parseAndStoreXSensitivity]} parse={[Function: extractFloatToString]} />
  <Memo() name=\\"Y Sensitivity\\" defaultValue=\\"1\\" isValidInput={[Function: isValidSensitivity]} onValidInput={[Function: parseAndStoreYSensitivity]} parse={[Function: extractFloatToString]} />
  <Memo() name=\\"FPS\\" defaultValue=\\"30\\" isValidInput={[Function: isValidFPS]} onValidInput={[Function: parseAndStoreFPS]} parse={[Function: extractIntToString]} />
  <Memo() name=\\"Swap Eyes\\" checked={false} onInputChange={[Function: storeSwapEyes]} />
  <Memo() name=\\"Toggle Debug\\" checked={false} onInputChange={[Function: storeToggleDebug]} />
  <Memo() name=\\"Iris Color\\" color=\\"blue\\" onInputChange={[Function: storeIrisColor]} />
  <Connect(CanvasMenuItem) name=\\"Camera Feed\\" />
</ConfigMenu>"
`;
