// Jest Snapshot v1, https://goo.gl/fbAQLP

exports[`Eye should render correctly 1`] = `
"<svg className=\\"LEFT\\" width={500} height={500}>
  <Memo() radius={100} width={250} height={250} />
  <Connect(Component) irisRadius={50} irisColor=\\"blue\\" innerY={250} innerX={250} innerPath={[undefined]} pupilRadius={20} pupilColor=\\"black\\" dilatedCoefficient={1} scleraRadius={100} width={500} height={500} />
  <Memo() transitionStyle={{...}} eyeCoords={{...}} cornerShape={{...}} bezier={{...}} scleraRadius={100} />
  <Memo() leftX={25} scleraRadius={100} height={500} width={500} />
</svg>"
`;
