// Jest Snapshot v1, https://goo.gl/fbAQLP

exports[`Eye Controller should render correctly 1`] = `
"<ContextProvider value={{...}}>
  <Memo() width={500} height={500} environment={{...}} targetOverwrite={{...}} config={{...}} dilation={1} openCoefficient={0.45} detected={true} image={[undefined]} selection={[undefined]} animation={{...}} updateAnimation={[Function: mockConstructor]} />
</ContextProvider>"
`;
