// Jest Snapshot v1, https://goo.gl/fbAQLP

exports[`Eye Controller should render correctly 1`] = `
"<svg className=\\"collapse\\">
  <defs>
    <linearGradient id=\\"lgrad\\" x1=\\"0%\\" y1=\\"50%\\" x2=\\"100%\\" y2=\\"50%\\">
      <stop offset=\\"35%\\" stopColor=\\"blue\\" />
      <stop offset=\\"70%\\" stopColor=\\"#4c4cff\\" />
      <stop offset=\\"100%\\" stopColor=\\"#0000bd\\" />
    </linearGradient>
    <radialGradient id=\\"scleraGradient\\" cx=\\"50%\\" cy=\\"50%\\">
      <stop offset=\\"0%\\" stopColor=\\"white\\" />
      <stop offset=\\"85%\\" stopColor=\\"#e6e6e6\\" />
      <stop offset=\\"100%\\" stopColor=\\"#b3b3b3\\" />
    </radialGradient>
    <radialGradient id=\\"irisGradient\\" cx=\\"50%\\" cy=\\"50%\\" href=\\"#lgrad\\" />
    <radialGradient id=\\"reflectionGradient\\">
      <stop offset=\\"0%\\" stopColor=\\"white\\" stopOpacity={1} />
      <stop offset=\\"20%\\" stopColor=\\"white\\" stopOpacity={0.7} />
      <stop offset=\\"40%\\" stopColor=\\"white\\" stopOpacity={0.05} />
    </radialGradient>
  </defs>
</svg>"
`;
