// Jest Snapshot v1, https://goo.gl/fbAQLP

exports[`Movement Handler should render correctly 1`] = `
"<Fragment>
  <Connect(Component) dilation={1} detected={false} openCoefficient={0.45} isSleeping={false} width={1920} height={1080} environment={{...}} fps={1000} detections={{...}} target={{...}} image={{...}} animation={{...}} updateAnimation={[Function: mockConstructor]} />
  <Memo() text=\\"\\" show={false} />
</Fragment>"
`;
